GroupByNamespace()
Showing 10 symbols with total pss: 4036054 bytes
.text=0 bytes    .rodata=0 bytes    other=3.85mb     total=3.85mb
Number of object files: 5

First columns are: running total, address, pss
 3245548 *@Group      3245548 {no path}
             {global} (count=28)
 4035476 *@Group      789928  {no path}
             chrome::mojom (count=2)
 4035676 *@Group      200     third_party/icu/ucnv_ext.c
             SaveHistogram (count=1)
 4035836 *@Group      160     third_party/container.c
             base::android (count=3)
 4035930 *@Group      94      third_party/container.c
             blink::PaintChunker (count=1)
 4035986 *@Group      56      {no path}
             blink::ContiguousContainerBase (count=3)
 4036018 *@Group      32      third_party/container.c
             chrome::mojom::FilePatcher (count=1)
 4036042 *@Group      24      base/page_allocator.cc
             mojo (count=1)
 4036050 *@Group      8       {no path}
             google::protobuf::internal (count=2)
 4036054 *@Group      4       third_party/paint.cc
             blink::CSSValueKeywordsHash::findValueImpl (count=1)
GroupByNamespace(depth=1)
Showing 7 symbols with total pss: 4036054 bytes
.text=0 bytes    .rodata=0 bytes    other=3.85mb     total=3.85mb
Number of object files: 4

First columns are: running total, address, pss
 3245548 *@Group      3245548 {no path}
             {global} (count=28)
 4035508 *@Group      789960  {no path}
             chrome (count=3)
 4035708 *@Group      200     third_party/icu/ucnv_ext.c
             SaveHistogram (count=1)
 4035862 *@Group      154     {no path}
             blink (count=5)
 4036022 *@Group      160     third_party/container.c
             base (count=3)
 4036046 *@Group      24      base/page_allocator.cc
             mojo (count=1)
 4036054 *@Group      8       {no path}
             google (count=2)
GroupByNamespace(depth=1, fallback=None)
Showing 7 symbols with total pss: 4036054 bytes
.text=0 bytes    .rodata=0 bytes    other=3.85mb     total=3.85mb
Number of object files: 4

First columns are: running total, address, pss
 3245548 *@Group      3245548 {no path}
 4035508 *@Group      789960  {no path}
             chrome (count=3)
 4035708 *@Group      200     third_party/icu/ucnv_ext.c
             SaveHistogram (count=1)
 4035862 *@Group      154     {no path}
             blink (count=5)
 4036022 *@Group      160     third_party/container.c
             base (count=3)
 4036046 *@Group      24      base/page_allocator.cc
             mojo (count=1)
 4036054 *@Group      8       {no path}
             google (count=2)
GroupByNamespace(depth=1, min_count=2)
Showing 7 symbols with total pss: 4036054 bytes
.text=0 bytes    .rodata=0 bytes    other=3.85mb     total=3.85mb
Number of object files: 4

First columns are: running total, address, pss
 3245548 *@Group      3245548 {no path}
             {global} (count=28)
 4035508 *@Group      789960  {no path}
             chrome (count=3)
 4035662 *@Group      154     {no path}
             blink (count=5)
 4035822 *@Group      160     third_party/container.c
             base (count=3)
 4035846 d@0x2cd8538  24      base/page_allocator.cc
             mojo::MessageReceiver [vtable]
 4035854 *@Group      8       {no path}
             google (count=2)
 4035854 b@0x2dffe80  200     third_party/icu/ucnv_ext.c
             SaveHistogram::atomic_histogram_pointer
