offset 0x0: validation error
offset 0x1: validation error
offset 0x2: validation error
offset 0x8: validation error
offset 0x9: validation error
offset 0xf: validation error
offset 0x10: validation error
offset 0x11: validation error
offset 0x17: validation error
offset 0x18: validation error
offset 0x19: validation error
offset 0x1a: validation error
offset 0x1b: validation error
offset 0x1c: validation error
offset 0x1d: validation error
offset 0x1e: validation error
offset 0x1f: crosses boundary
offset 0x1f: validation error
