offset 0x20: validation error
offset 0x28: validation error
offset 0x2a: validation error
offset 0x2d: validation error
offset 0x30: validation error
offset 0x34: validation error
offset 0x38: validation error
offset 0x3c: validation error
offset 0x40: validation error
offset 0x44: validation error
offset 0x48: validation error
offset 0x4c: validation error
offset 0x4f: validation error
offset 0x52: validation error
offset 0x55: validation error
offset 0x58: validation error
offset 0x5b: validation error
offset 0x5e: crosses boundary
offset 0x5e: validation error
offset 0x61: validation error
offset 0x64: validation error
offset 0x67: validation error
offset 0x6a: validation error
