offset 0x1f: crosses boundary
offset 0x3e: crosses boundary
offset 0x5f: crosses boundary
offset 0x7e: crosses boundary
offset 0x9d: crosses boundary
offset 0xbe: crosses boundary
offset 0xde: crosses boundary
offset 0xe8: validation error
offset 0xff: crosses boundary
offset 0x104: validation error
offset 0x10d: validation error
offset 0x111: validation error
offset 0x115: validation error
offset 0x119: validation error
offset 0x11d: crosses boundary
offset 0x11d: validation error
offset 0x121: validation error
