{'included_files': ['test1.gyp'],
 'targets': [{'actions': [{'action': ['echo',
                                      '"3.14159265359 ABCD"',
                                      'ABCD'],
                           'action_name': 'test_action',
                           'inputs': ['3.14159265359 ABCD'],
                           'outputs': ['ABCD']}],
              'configurations': {'Default': {}},
              'default_configuration': 'Default',
              'target_name': 'foo',
              'type': 'none',
              'variables': {'var1': '3.14159265359',
                            'var2': '3.14159265359 ABCD',
                            'var3': 'ABCD',
                            'var4': 'ABCD'}}],
 'variables': {'letters': 'ABCD', 'pi': 'import math; print math.pi'}}
